// Jest Snapshot v1, https://goo.gl/fbAQLP

exports[`qwik-nx generator should run successfully 1`] = `
"import { qwikVite } from '@builder.io/qwik/optimizer';
import { qwikCity } from '@builder.io/qwik-city/vite';
import { defineConfig } from 'vite';
import tsconfigPaths from 'vite-tsconfig-paths';
import { qwikNxVite } from 'qwik-nx/plugins';

export default defineConfig({
  cacheDir: '../../node_modules/.vite/apps/myapp',
  plugins: [
    qwikNxVite(),
    qwikCity(), 
    qwikVite({
			client: {
				outDir: '../../dist/apps/myapp/client',
			},
			ssr: {
				outDir: '../../dist/apps/myapp/server',
			},
		}),
    tsconfigPaths({ root: '../../' })
  ],
  server: {
    fs: {
      // Allow serving files from the project root
      allow: ['../../'],
    },
  },
  preview: {
    headers: {
      'Cache-Control': 'public, max-age=600',
    },
  },
  
});
"
`;

exports[`qwik-nx generator should run successfully 2`] = `
"{
  \\"name\\": \\"myapp\\",
  \\"$schema\\": \\"../../node_modules/nx/schemas/project-schema.json\\",
  \\"projectType\\": \\"application\\",
  \\"sourceRoot\\": \\"apps/myapp/src\\",
  \\"targets\\": {
    \\"build\\": {
      \\"executor\\": \\"qwik-nx:build\\",
      \\"options\\": {
        \\"runSequence\\": [
          \\"myapp:build.client\\",
          \\"myapp:build.ssr\\"
        ],
        \\"outputPath\\": \\"dist/apps/myapp\\"
      },
      \\"configurations\\": {
        \\"preview\\": {}
      }
    },
    \\"build.client\\": {
      \\"executor\\": \\"@nrwl/vite:build\\",
      \\"options\\": {
        \\"outputPath\\": \\"dist/apps/myapp\\",
        \\"configFile\\": \\"apps/myapp/vite.config.ts\\"
      }
    },
    \\"build.ssr\\": {
      \\"executor\\": \\"@nrwl/vite:build\\",
      \\"defaultConfiguration\\": \\"preview\\",
      \\"options\\": {
        \\"outputPath\\": \\"dist/apps/myapp\\"
      },
      \\"configurations\\": {
        \\"preview\\": {
          \\"ssr\\": \\"src/entry.preview.tsx\\",
          \\"mode\\": \\"production\\"
        }
      }
    },
    \\"preview\\": {
      \\"executor\\": \\"@nrwl/vite:preview-server\\",
      \\"options\\": {
        \\"buildTarget\\": \\"myapp:build\\",
        \\"port\\": 4300
      }
    },
    \\"serve\\": {
      \\"executor\\": \\"@nrwl/vite:dev-server\\",
      \\"options\\": {
        \\"buildTarget\\": \\"myapp:build.client\\",
        \\"mode\\": \\"ssr\\",
        \\"port\\": 4200
      }
    },
    \\"serve.debug\\": {
      \\"executor\\": \\"nx:run-commands\\",
      \\"options\\": {
        \\"command\\": \\"node --inspect-brk ../../node_modules/vite/bin/vite.js --mode ssr --force\\",
        \\"cwd\\": \\"apps/myapp\\"
      }
    }
  },
  \\"tags\\": []
}
"
`;

exports[`qwik-nx generator should run successfully 3`] = `
Array [
  Object {
    "path": ".prettierrc",
    "type": "CREATE",
  },
  Object {
    "path": "package.json",
    "type": "CREATE",
  },
  Object {
    "path": "nx.json",
    "type": "CREATE",
  },
  Object {
    "path": "tsconfig.base.json",
    "type": "CREATE",
  },
  Object {
    "path": "apps/.gitignore",
    "type": "CREATE",
  },
  Object {
    "path": "libs/.gitignore",
    "type": "CREATE",
  },
  Object {
    "path": "apps/myapp/project.json",
    "type": "CREATE",
  },
  Object {
    "path": "apps/myapp/.eslintrc.json",
    "type": "CREATE",
  },
  Object {
    "path": "apps/myapp/.prettierignore",
    "type": "CREATE",
  },
  Object {
    "path": "apps/myapp/README.md",
    "type": "CREATE",
  },
  Object {
    "path": "apps/myapp/package.json",
    "type": "CREATE",
  },
  Object {
    "path": "apps/myapp/public/favicon.svg",
    "type": "CREATE",
  },
  Object {
    "path": "apps/myapp/public/manifest.json",
    "type": "CREATE",
  },
  Object {
    "path": "apps/myapp/public/robots.txt",
    "type": "CREATE",
  },
  Object {
    "path": "apps/myapp/src/components/header/header.css",
    "type": "CREATE",
  },
  Object {
    "path": "apps/myapp/src/components/header/header.tsx",
    "type": "CREATE",
  },
  Object {
    "path": "apps/myapp/src/components/icons/qwik.tsx",
    "type": "CREATE",
  },
  Object {
    "path": "apps/myapp/src/components/router-head/router-head.tsx",
    "type": "CREATE",
  },
  Object {
    "path": "apps/myapp/src/entry.dev.tsx",
    "type": "CREATE",
  },
  Object {
    "path": "apps/myapp/src/entry.preview.tsx",
    "type": "CREATE",
  },
  Object {
    "path": "apps/myapp/src/entry.ssr.tsx",
    "type": "CREATE",
  },
  Object {
    "path": "apps/myapp/src/global.css",
    "type": "CREATE",
  },
  Object {
    "path": "apps/myapp/src/root.tsx",
    "type": "CREATE",
  },
  Object {
    "path": "apps/myapp/src/routes/flower/flower.css",
    "type": "CREATE",
  },
  Object {
    "path": "apps/myapp/src/routes/flower/index.tsx",
    "type": "CREATE",
  },
  Object {
    "path": "apps/myapp/src/routes/index.tsx",
    "type": "CREATE",
  },
  Object {
    "path": "apps/myapp/src/routes/layout.tsx",
    "type": "CREATE",
  },
  Object {
    "path": "apps/myapp/src/routes/service-worker.ts",
    "type": "CREATE",
  },
  Object {
    "path": "apps/myapp/tsconfig.app.json",
    "type": "CREATE",
  },
  Object {
    "path": "apps/myapp/tsconfig.json",
    "type": "CREATE",
  },
  Object {
    "path": "apps/myapp/tsconfig.spec.json",
    "type": "CREATE",
  },
  Object {
    "path": "apps/myapp/vite.config.ts",
    "type": "CREATE",
  },
]
`;
