// Jest Snapshot v1, https://goo.gl/fbAQLP

exports[`migrate-cloudflare-integration migration should run successfully: entry.cloudflare-pages.tsx 1`] = `
"import { createQwikCity } from '@builder.io/qwik-city/middleware/cloudflare-pages';
    import qwikCityPlan from '@qwik-city-plan';
    import render from './entry.ssr';
    
    const fetch = createQwikCity({ render, qwikCityPlan });
    
    export { fetch };"
`;
